Γû▓ Next.js 16.1.6 (Turbopack)

  Creating an optimized production build ...
node.exe : 
At line:1 char:1
+ & "C:\Program 
Files\nodejs/node.exe" 
"C:\Program 
Files\nodejs/node_mo 
...
+ ~~~~~~~~~~~~~~~~~~~~~
~~~~~~~~~~~~~~~~~~~~~~~
~~~~~~~~~~~~~~~~~~~~~~~
~~
    + CategoryInfo     
         : NotSpecifi  
  ed: (:String) [],    
 RemoteException
    + FullyQualifiedEr 
   rorId : NativeComm  
  andError
 
> Build error occurred
Error: Turbopack build 
failed with 1 errors:
./src/app/layout.js:39:
14
Ecmascript file had an 
error
[0m [90m 37 |[39m }
 [90m 38 |[39m
[31m[1m>[22m[39m[9
0m 39 |[39m 
[36mexport[39m 
[36mconst[39m 
metadata [33m=[39m {
 [90m    |[39m       
       [31m[1m^[22m
[39m[31m[1m^[22m[39
m[31m[1m^[22m[39m[
31m[1m^[22m[39m[31m
[1m^[22m[39m[31m[1
m^[22m[39m[31m[1m^
[22m[39m[31m[1m^[22
m[39m
 [90m 40 |[39m   
title[33m:[39m 
[32m'TempoSwap - 
Advanced DEX on 
Tempo'[39m[33m,[39m
 [90m 41 |[39m   
description[33m:[39m 
[32m'The first 
Automated Market Maker 
built on the 
EVM-compatible Tempo bl
ockchain.'[39m[33m,[
39m
 [90m 42 |[39m 
}[33m;[39m[0m

You are attempting to 
export "metadata" from 
a component marked 
with "use client", 
which is disallowed. 
Either remove the 
export, or the "use 
client" directive. 
Read more: https://next
js.org/docs/app/api-ref
erence/directives/use-c
lient



Import traces:
  Client Component 
Browser:
    
./src/app/layout.js 
[Client Component 
Browser]
    
./src/app/layout.js 
[Server Component]

  Client Component SSR:
    
./src/app/layout.js 
[Client Component SSR]
    
./src/app/layout.js 
[Server Component]


    at <unknown> (./src
/app/layout.js:39:14)
